nextsql-btree-soak start_utc=20260826T062843Z
repo=/home/rayan/bzync/nextsql
ops=100000 tmpdir=/home/rayan/bzync/nextsql/.bench-tmp log=/home/rayan/bzync/nextsql/.bench-results/btree-p16-wrapper-smoke.log
GOMEMLIMIT=3GiB GOGC=25 GODEBUG=madvdontneed=1
nextsql-btree-soak start_utc=20260826T063018Z
repo=/home/rayan/bzync/nextsql
ops=100000 tmpdir=/home/rayan/bzync/nextsql/.bench-tmp log=/home/rayan/bzync/nextsql/.bench-results/btree-p16-wrapper-smoke.log
GOMEMLIMIT=3GiB GOGC=25 GODEBUG=madvdontneed=1
go version go1.26.7 linux/amd64
=== RUN   TestRandomizedLargeInvariants
    btree_test.go:895: op 10000 live=5489
    btree_test.go:895: op 20000 live=9974
    btree_test.go:895: op 30000 live=13684
    btree_test.go:895: op 40000 live=16683
    btree_test.go:895: op 50000 live=19125
    btree_test.go:895: op 60000 live=21001
    btree_test.go:895: op 70000 live=22694
    btree_test.go:895: op 80000 live=23959
    btree_test.go:895: op 90000 live=25060
    btree_test.go:895: op 100000 live=25898
--- PASS: TestRandomizedLargeInvariants (273.72s)
PASS
ok  	github.com/bzync/nextsql/internal/storage/btree	273.727s
nextsql-btree-soak end_utc=20260826T063455Z exit=0
